// Jest Snapshot v1, https://goo.gl/fbAQLP

exports[`Pruebas en el componente <FirstComponent/> Debe hacer match con el snapshot 1`] = `
<div>
  <h1
    data-testid="test-title"
  >
    Titulo de la app
  </h1>
  <p>
    Lorem del parrafo
  </p>
  <p>
    Lorem del parrafo
  </p>
  <p>
    Lorem del parrafo
  </p>
  <p>
    1030
  </p>
</div>
`;
